--------------------------------------------------------------------------------
Release 13.4 Trace  (lin64)
Copyright (c) 1995-2011 Xilinx, Inc.  All rights reserved.

/usr/local/insa/Xilinx.ISE/13.4/ISE_DS/ISE/bin/lin64/unwrapped/trce -intstyle
ise -v 3 -s 3 -n 3 -fastpaths -xml ALU.twx ALU.ncd -o ALU.twr ALU.pcf

Design file:              ALU.ncd
Physical constraint file: ALU.pcf
Device,package,speed:     xc6slx16,csg324,C,-3 (PRODUCTION 1.21 2012-01-07)
Report level:             verbose report

Environment Variable      Effect 
--------------------      ------ 
NONE                      No environment variables were set
--------------------------------------------------------------------------------

INFO:Timing:2698 - No timing constraints found, doing default enumeration.
INFO:Timing:3412 - To improve timing, see the Timing Closure User Guide (UG612).
INFO:Timing:2752 - To get complete path coverage, use the unconstrained paths 
   option. All paths that are not constrained will be reported in the 
   unconstrained paths section(s) of the report.
INFO:Timing:3339 - The clock-to-out numbers in this timing report are based on 
   a 50 Ohm transmission line loading model.  For the details of this model, 
   and for more information on accounting for different loading conditions, 
   please see the device datasheet.



Data Sheet report:
-----------------
All values displayed in nanoseconds (ns)

Pad to Pad
---------------+---------------+---------+
Source Pad     |Destination Pad|  Delay  |
---------------+---------------+---------+
A<0>           |C              |    8.108|
A<0>           |N              |   12.578|
A<0>           |O              |    9.276|
A<0>           |S<0>           |   11.552|
A<0>           |S<1>           |   11.585|
A<0>           |S<2>           |   11.308|
A<0>           |S<3>           |   11.473|
A<0>           |S<4>           |   11.797|
A<0>           |S<5>           |   11.672|
A<0>           |S<6>           |   11.660|
A<0>           |S<7>           |   12.376|
A<0>           |S<8>           |   11.852|
A<0>           |S<9>           |   12.167|
A<0>           |S<10>          |   11.920|
A<0>           |S<11>          |   12.359|
A<0>           |S<12>          |   12.448|
A<0>           |S<13>          |   12.554|
A<0>           |S<14>          |   12.456|
A<0>           |S<15>          |   12.604|
A<0>           |Z              |   14.432|
A<1>           |C              |    7.966|
A<1>           |N              |   12.469|
A<1>           |O              |    9.134|
A<1>           |S<0>           |   11.443|
A<1>           |S<1>           |   11.476|
A<1>           |S<2>           |   11.199|
A<1>           |S<3>           |   11.364|
A<1>           |S<4>           |   11.688|
A<1>           |S<5>           |   11.563|
A<1>           |S<6>           |   11.551|
A<1>           |S<7>           |   12.267|
A<1>           |S<8>           |   11.743|
A<1>           |S<9>           |   12.058|
A<1>           |S<10>          |   11.811|
A<1>           |S<11>          |   12.250|
A<1>           |S<12>          |   12.339|
A<1>           |S<13>          |   12.445|
A<1>           |S<14>          |   12.347|
A<1>           |S<15>          |   12.495|
A<1>           |Z              |   14.323|
A<2>           |C              |    7.684|
A<2>           |N              |   12.542|
A<2>           |O              |    8.852|
A<2>           |S<0>           |   11.516|
A<2>           |S<1>           |   11.549|
A<2>           |S<2>           |   11.272|
A<2>           |S<3>           |   11.437|
A<2>           |S<4>           |   11.761|
A<2>           |S<5>           |   11.636|
A<2>           |S<6>           |   11.624|
A<2>           |S<7>           |   12.340|
A<2>           |S<8>           |   11.816|
A<2>           |S<9>           |   12.131|
A<2>           |S<10>          |   11.884|
A<2>           |S<11>          |   12.323|
A<2>           |S<12>          |   12.412|
A<2>           |S<13>          |   12.518|
A<2>           |S<14>          |   12.420|
A<2>           |S<15>          |   12.568|
A<2>           |Z              |   14.396|
A<3>           |C              |    7.830|
A<3>           |N              |   12.717|
A<3>           |O              |    8.998|
A<3>           |S<0>           |   11.691|
A<3>           |S<1>           |   11.724|
A<3>           |S<2>           |   11.447|
A<3>           |S<3>           |   11.612|
A<3>           |S<4>           |   11.936|
A<3>           |S<5>           |   11.811|
A<3>           |S<6>           |   11.799|
A<3>           |S<7>           |   12.515|
A<3>           |S<8>           |   11.991|
A<3>           |S<9>           |   12.306|
A<3>           |S<10>          |   12.059|
A<3>           |S<11>          |   12.498|
A<3>           |S<12>          |   12.587|
A<3>           |S<13>          |   12.693|
A<3>           |S<14>          |   12.595|
A<3>           |S<15>          |   12.743|
A<3>           |Z              |   14.571|
A<4>           |C              |    7.856|
A<4>           |N              |   12.565|
A<4>           |O              |    9.024|
A<4>           |S<0>           |   11.539|
A<4>           |S<1>           |   11.572|
A<4>           |S<2>           |   11.295|
A<4>           |S<3>           |   11.460|
A<4>           |S<4>           |   11.784|
A<4>           |S<5>           |   11.659|
A<4>           |S<6>           |   11.647|
A<4>           |S<7>           |   12.363|
A<4>           |S<8>           |   11.839|
A<4>           |S<9>           |   12.154|
A<4>           |S<10>          |   11.907|
A<4>           |S<11>          |   12.346|
A<4>           |S<12>          |   12.435|
A<4>           |S<13>          |   12.541|
A<4>           |S<14>          |   12.443|
A<4>           |S<15>          |   12.591|
A<4>           |Z              |   14.419|
A<5>           |C              |    7.536|
A<5>           |N              |   12.499|
A<5>           |O              |    8.704|
A<5>           |S<0>           |   11.473|
A<5>           |S<1>           |   11.506|
A<5>           |S<2>           |   11.229|
A<5>           |S<3>           |   11.394|
A<5>           |S<4>           |   11.718|
A<5>           |S<5>           |   11.593|
A<5>           |S<6>           |   11.581|
A<5>           |S<7>           |   12.297|
A<5>           |S<8>           |   11.773|
A<5>           |S<9>           |   12.088|
A<5>           |S<10>          |   11.841|
A<5>           |S<11>          |   12.280|
A<5>           |S<12>          |   12.369|
A<5>           |S<13>          |   12.475|
A<5>           |S<14>          |   12.377|
A<5>           |S<15>          |   12.525|
A<5>           |Z              |   14.353|
A<6>           |C              |    7.469|
A<6>           |N              |   12.631|
A<6>           |O              |    8.637|
A<6>           |S<0>           |   11.605|
A<6>           |S<1>           |   11.638|
A<6>           |S<2>           |   11.361|
A<6>           |S<3>           |   11.526|
A<6>           |S<4>           |   11.850|
A<6>           |S<5>           |   11.725|
A<6>           |S<6>           |   11.713|
A<6>           |S<7>           |   12.429|
A<6>           |S<8>           |   11.905|
A<6>           |S<9>           |   12.220|
A<6>           |S<10>          |   11.973|
A<6>           |S<11>          |   12.412|
A<6>           |S<12>          |   12.501|
A<6>           |S<13>          |   12.607|
A<6>           |S<14>          |   12.509|
A<6>           |S<15>          |   12.657|
A<6>           |Z              |   14.485|
A<7>           |C              |    7.478|
A<7>           |N              |   12.727|
A<7>           |O              |    8.646|
A<7>           |S<0>           |   11.701|
A<7>           |S<1>           |   11.734|
A<7>           |S<2>           |   11.457|
A<7>           |S<3>           |   11.622|
A<7>           |S<4>           |   11.946|
A<7>           |S<5>           |   11.821|
A<7>           |S<6>           |   11.809|
A<7>           |S<7>           |   12.525|
A<7>           |S<8>           |   12.001|
A<7>           |S<9>           |   12.316|
A<7>           |S<10>          |   12.069|
A<7>           |S<11>          |   12.508|
A<7>           |S<12>          |   12.597|
A<7>           |S<13>          |   12.703|
A<7>           |S<14>          |   12.605|
A<7>           |S<15>          |   12.753|
A<7>           |Z              |   14.581|
A<8>           |C              |    7.463|
A<8>           |N              |   12.113|
A<8>           |O              |    8.631|
A<8>           |S<0>           |   11.087|
A<8>           |S<1>           |   11.120|
A<8>           |S<2>           |   10.843|
A<8>           |S<3>           |   11.008|
A<8>           |S<4>           |   11.332|
A<8>           |S<5>           |   11.207|
A<8>           |S<6>           |   11.195|
A<8>           |S<7>           |   11.911|
A<8>           |S<8>           |   11.387|
A<8>           |S<9>           |   11.702|
A<8>           |S<10>          |   11.455|
A<8>           |S<11>          |   11.894|
A<8>           |S<12>          |   11.983|
A<8>           |S<13>          |   12.089|
A<8>           |S<14>          |   11.991|
A<8>           |S<15>          |   12.139|
A<8>           |Z              |   13.967|
A<9>           |C              |    7.360|
A<9>           |N              |   12.268|
A<9>           |O              |    8.528|
A<9>           |S<0>           |   11.242|
A<9>           |S<1>           |   11.275|
A<9>           |S<2>           |   10.998|
A<9>           |S<3>           |   11.163|
A<9>           |S<4>           |   11.487|
A<9>           |S<5>           |   11.362|
A<9>           |S<6>           |   11.350|
A<9>           |S<7>           |   12.066|
A<9>           |S<8>           |   11.542|
A<9>           |S<9>           |   11.857|
A<9>           |S<10>          |   11.610|
A<9>           |S<11>          |   12.049|
A<9>           |S<12>          |   12.138|
A<9>           |S<13>          |   12.244|
A<9>           |S<14>          |   12.146|
A<9>           |S<15>          |   12.294|
A<9>           |Z              |   14.122|
A<10>          |C              |    7.375|
A<10>          |N              |   12.399|
A<10>          |O              |    8.543|
A<10>          |S<0>           |   11.373|
A<10>          |S<1>           |   11.406|
A<10>          |S<2>           |   11.129|
A<10>          |S<3>           |   11.294|
A<10>          |S<4>           |   11.618|
A<10>          |S<5>           |   11.493|
A<10>          |S<6>           |   11.481|
A<10>          |S<7>           |   12.197|
A<10>          |S<8>           |   11.673|
A<10>          |S<9>           |   11.988|
A<10>          |S<10>          |   11.741|
A<10>          |S<11>          |   12.180|
A<10>          |S<12>          |   12.269|
A<10>          |S<13>          |   12.375|
A<10>          |S<14>          |   12.277|
A<10>          |S<15>          |   12.425|
A<10>          |Z              |   14.253|
A<11>          |C              |    7.805|
A<11>          |N              |   12.574|
A<11>          |O              |    8.973|
A<11>          |S<0>           |   11.548|
A<11>          |S<1>           |   11.581|
A<11>          |S<2>           |   11.304|
A<11>          |S<3>           |   11.469|
A<11>          |S<4>           |   11.793|
A<11>          |S<5>           |   11.668|
A<11>          |S<6>           |   11.656|
A<11>          |S<7>           |   12.372|
A<11>          |S<8>           |   11.848|
A<11>          |S<9>           |   12.163|
A<11>          |S<10>          |   11.916|
A<11>          |S<11>          |   12.355|
A<11>          |S<12>          |   12.444|
A<11>          |S<13>          |   12.550|
A<11>          |S<14>          |   12.452|
A<11>          |S<15>          |   12.600|
A<11>          |Z              |   14.428|
A<12>          |C              |    7.727|
A<12>          |N              |   12.302|
A<12>          |O              |    8.856|
A<12>          |S<0>           |   11.276|
A<12>          |S<1>           |   11.309|
A<12>          |S<2>           |   11.032|
A<12>          |S<3>           |   11.197|
A<12>          |S<4>           |   11.521|
A<12>          |S<5>           |   11.396|
A<12>          |S<6>           |   11.384|
A<12>          |S<7>           |   12.100|
A<12>          |S<8>           |   11.576|
A<12>          |S<9>           |   11.891|
A<12>          |S<10>          |   11.644|
A<12>          |S<11>          |   12.083|
A<12>          |S<12>          |   12.172|
A<12>          |S<13>          |   12.278|
A<12>          |S<14>          |   12.180|
A<12>          |S<15>          |   12.328|
A<12>          |Z              |   14.156|
A<13>          |C              |    7.356|
A<13>          |N              |   12.061|
A<13>          |O              |    8.489|
A<13>          |S<0>           |   11.035|
A<13>          |S<1>           |   11.068|
A<13>          |S<2>           |   10.791|
A<13>          |S<3>           |   10.956|
A<13>          |S<4>           |   11.280|
A<13>          |S<5>           |   11.155|
A<13>          |S<6>           |   11.143|
A<13>          |S<7>           |   11.859|
A<13>          |S<8>           |   11.335|
A<13>          |S<9>           |   11.650|
A<13>          |S<10>          |   11.403|
A<13>          |S<11>          |   11.842|
A<13>          |S<12>          |   11.931|
A<13>          |S<13>          |   12.037|
A<13>          |S<14>          |   11.939|
A<13>          |S<15>          |   12.087|
A<13>          |Z              |   13.915|
A<14>          |C              |    7.287|
A<14>          |N              |   12.335|
A<14>          |O              |    8.387|
A<14>          |S<0>           |   11.309|
A<14>          |S<1>           |   11.342|
A<14>          |S<2>           |   11.065|
A<14>          |S<3>           |   11.230|
A<14>          |S<4>           |   11.554|
A<14>          |S<5>           |   11.429|
A<14>          |S<6>           |   11.417|
A<14>          |S<7>           |   12.133|
A<14>          |S<8>           |   11.609|
A<14>          |S<9>           |   11.924|
A<14>          |S<10>          |   11.677|
A<14>          |S<11>          |   12.116|
A<14>          |S<12>          |   12.205|
A<14>          |S<13>          |   12.311|
A<14>          |S<14>          |   12.213|
A<14>          |S<15>          |   12.361|
A<14>          |Z              |   14.189|
A<15>          |C              |    7.467|
A<15>          |N              |   12.403|
A<15>          |O              |    8.541|
A<15>          |S<0>           |   11.377|
A<15>          |S<1>           |   11.410|
A<15>          |S<2>           |   11.133|
A<15>          |S<3>           |   11.298|
A<15>          |S<4>           |   11.622|
A<15>          |S<5>           |   11.497|
A<15>          |S<6>           |   11.485|
A<15>          |S<7>           |   12.201|
A<15>          |S<8>           |   11.677|
A<15>          |S<9>           |   11.992|
A<15>          |S<10>          |   11.745|
A<15>          |S<11>          |   12.184|
A<15>          |S<12>          |   12.273|
A<15>          |S<13>          |   12.379|
A<15>          |S<14>          |   12.281|
A<15>          |S<15>          |   12.429|
A<15>          |Z              |   14.257|
B<0>           |C              |    6.978|
B<0>           |N              |   12.088|
B<0>           |O              |    8.289|
B<0>           |S<0>           |   11.062|
B<0>           |S<1>           |   11.095|
B<0>           |S<2>           |   10.818|
B<0>           |S<3>           |   10.983|
B<0>           |S<4>           |   11.307|
B<0>           |S<5>           |   11.182|
B<0>           |S<6>           |   11.170|
B<0>           |S<7>           |   11.886|
B<0>           |S<8>           |   11.362|
B<0>           |S<9>           |   11.677|
B<0>           |S<10>          |   11.430|
B<0>           |S<11>          |   11.869|
B<0>           |S<12>          |   11.958|
B<0>           |S<13>          |   12.064|
B<0>           |S<14>          |   11.966|
B<0>           |S<15>          |   12.114|
B<0>           |Z              |   13.942|
B<1>           |C              |    7.175|
B<1>           |N              |   11.800|
B<1>           |O              |    8.343|
B<1>           |S<0>           |   10.774|
B<1>           |S<1>           |   10.807|
B<1>           |S<2>           |   10.530|
B<1>           |S<3>           |   10.695|
B<1>           |S<4>           |   11.019|
B<1>           |S<5>           |   10.894|
B<1>           |S<6>           |   10.882|
B<1>           |S<7>           |   11.598|
B<1>           |S<8>           |   11.074|
B<1>           |S<9>           |   11.389|
B<1>           |S<10>          |   11.142|
B<1>           |S<11>          |   11.581|
B<1>           |S<12>          |   11.670|
B<1>           |S<13>          |   11.776|
B<1>           |S<14>          |   11.678|
B<1>           |S<15>          |   11.826|
B<1>           |Z              |   13.654|
B<2>           |C              |    7.344|
B<2>           |N              |   11.948|
B<2>           |O              |    8.512|
B<2>           |S<0>           |   10.922|
B<2>           |S<1>           |   10.955|
B<2>           |S<2>           |   10.678|
B<2>           |S<3>           |   10.843|
B<2>           |S<4>           |   11.167|
B<2>           |S<5>           |   11.042|
B<2>           |S<6>           |   11.030|
B<2>           |S<7>           |   11.746|
B<2>           |S<8>           |   11.222|
B<2>           |S<9>           |   11.537|
B<2>           |S<10>          |   11.290|
B<2>           |S<11>          |   11.729|
B<2>           |S<12>          |   11.818|
B<2>           |S<13>          |   11.924|
B<2>           |S<14>          |   11.826|
B<2>           |S<15>          |   11.974|
B<2>           |Z              |   13.802|
B<3>           |C              |    7.319|
B<3>           |N              |   11.937|
B<3>           |O              |    8.487|
B<3>           |S<0>           |   10.911|
B<3>           |S<1>           |   10.944|
B<3>           |S<2>           |   10.667|
B<3>           |S<3>           |   10.832|
B<3>           |S<4>           |   11.156|
B<3>           |S<5>           |   11.031|
B<3>           |S<6>           |   11.019|
B<3>           |S<7>           |   11.735|
B<3>           |S<8>           |   11.211|
B<3>           |S<9>           |   11.526|
B<3>           |S<10>          |   11.279|
B<3>           |S<11>          |   11.718|
B<3>           |S<12>          |   11.807|
B<3>           |S<13>          |   11.913|
B<3>           |S<14>          |   11.815|
B<3>           |S<15>          |   11.963|
B<3>           |Z              |   13.791|
B<4>           |C              |    7.371|
B<4>           |N              |   11.726|
B<4>           |O              |    8.539|
B<4>           |S<0>           |   10.700|
B<4>           |S<1>           |   10.733|
B<4>           |S<2>           |   10.456|
B<4>           |S<3>           |   10.621|
B<4>           |S<4>           |   10.945|
B<4>           |S<5>           |   10.820|
B<4>           |S<6>           |   10.808|
B<4>           |S<7>           |   11.524|
B<4>           |S<8>           |   11.000|
B<4>           |S<9>           |   11.315|
B<4>           |S<10>          |   11.068|
B<4>           |S<11>          |   11.507|
B<4>           |S<12>          |   11.596|
B<4>           |S<13>          |   11.702|
B<4>           |S<14>          |   11.604|
B<4>           |S<15>          |   11.752|
B<4>           |Z              |   13.580|
B<5>           |C              |    7.303|
B<5>           |N              |   11.866|
B<5>           |O              |    8.471|
B<5>           |S<0>           |   10.840|
B<5>           |S<1>           |   10.873|
B<5>           |S<2>           |   10.596|
B<5>           |S<3>           |   10.761|
B<5>           |S<4>           |   11.085|
B<5>           |S<5>           |   10.960|
B<5>           |S<6>           |   10.948|
B<5>           |S<7>           |   11.664|
B<5>           |S<8>           |   11.140|
B<5>           |S<9>           |   11.455|
B<5>           |S<10>          |   11.208|
B<5>           |S<11>          |   11.647|
B<5>           |S<12>          |   11.736|
B<5>           |S<13>          |   11.842|
B<5>           |S<14>          |   11.744|
B<5>           |S<15>          |   11.892|
B<5>           |Z              |   13.720|
B<6>           |C              |    7.654|
B<6>           |N              |   12.162|
B<6>           |O              |    8.822|
B<6>           |S<0>           |   11.136|
B<6>           |S<1>           |   11.169|
B<6>           |S<2>           |   10.892|
B<6>           |S<3>           |   11.057|
B<6>           |S<4>           |   11.381|
B<6>           |S<5>           |   11.256|
B<6>           |S<6>           |   11.244|
B<6>           |S<7>           |   11.960|
B<6>           |S<8>           |   11.436|
B<6>           |S<9>           |   11.751|
B<6>           |S<10>          |   11.504|
B<6>           |S<11>          |   11.943|
B<6>           |S<12>          |   12.032|
B<6>           |S<13>          |   12.138|
B<6>           |S<14>          |   12.040|
B<6>           |S<15>          |   12.188|
B<6>           |Z              |   14.016|
B<7>           |C              |    7.610|
B<7>           |N              |   12.607|
B<7>           |O              |    8.778|
B<7>           |S<0>           |   11.581|
B<7>           |S<1>           |   11.614|
B<7>           |S<2>           |   11.337|
B<7>           |S<3>           |   11.502|
B<7>           |S<4>           |   11.826|
B<7>           |S<5>           |   11.701|
B<7>           |S<6>           |   11.689|
B<7>           |S<7>           |   12.405|
B<7>           |S<8>           |   11.881|
B<7>           |S<9>           |   12.196|
B<7>           |S<10>          |   11.949|
B<7>           |S<11>          |   12.388|
B<7>           |S<12>          |   12.477|
B<7>           |S<13>          |   12.583|
B<7>           |S<14>          |   12.485|
B<7>           |S<15>          |   12.633|
B<7>           |Z              |   14.461|
B<8>           |C              |    7.499|
B<8>           |N              |   12.317|
B<8>           |O              |    8.667|
B<8>           |S<0>           |   11.291|
B<8>           |S<1>           |   11.324|
B<8>           |S<2>           |   11.047|
B<8>           |S<3>           |   11.212|
B<8>           |S<4>           |   11.536|
B<8>           |S<5>           |   11.411|
B<8>           |S<6>           |   11.399|
B<8>           |S<7>           |   12.115|
B<8>           |S<8>           |   11.591|
B<8>           |S<9>           |   11.906|
B<8>           |S<10>          |   11.659|
B<8>           |S<11>          |   12.098|
B<8>           |S<12>          |   12.187|
B<8>           |S<13>          |   12.293|
B<8>           |S<14>          |   12.195|
B<8>           |S<15>          |   12.343|
B<8>           |Z              |   14.171|
B<9>           |C              |    7.764|
B<9>           |N              |   12.055|
B<9>           |O              |    8.932|
B<9>           |S<0>           |   11.029|
B<9>           |S<1>           |   11.062|
B<9>           |S<2>           |   10.785|
B<9>           |S<3>           |   10.950|
B<9>           |S<4>           |   11.274|
B<9>           |S<5>           |   11.149|
B<9>           |S<6>           |   11.137|
B<9>           |S<7>           |   11.853|
B<9>           |S<8>           |   11.329|
B<9>           |S<9>           |   11.644|
B<9>           |S<10>          |   11.397|
B<9>           |S<11>          |   11.836|
B<9>           |S<12>          |   11.925|
B<9>           |S<13>          |   12.031|
B<9>           |S<14>          |   11.933|
B<9>           |S<15>          |   12.081|
B<9>           |Z              |   13.909|
B<10>          |C              |    7.599|
B<10>          |N              |   12.403|
B<10>          |O              |    8.767|
B<10>          |S<0>           |   11.377|
B<10>          |S<1>           |   11.410|
B<10>          |S<2>           |   11.133|
B<10>          |S<3>           |   11.298|
B<10>          |S<4>           |   11.622|
B<10>          |S<5>           |   11.497|
B<10>          |S<6>           |   11.485|
B<10>          |S<7>           |   12.201|
B<10>          |S<8>           |   11.677|
B<10>          |S<9>           |   11.992|
B<10>          |S<10>          |   11.745|
B<10>          |S<11>          |   12.184|
B<10>          |S<12>          |   12.273|
B<10>          |S<13>          |   12.379|
B<10>          |S<14>          |   12.281|
B<10>          |S<15>          |   12.429|
B<10>          |Z              |   14.257|
B<11>          |C              |    7.694|
B<11>          |N              |   12.260|
B<11>          |O              |    8.862|
B<11>          |S<0>           |   11.234|
B<11>          |S<1>           |   11.267|
B<11>          |S<2>           |   10.990|
B<11>          |S<3>           |   11.155|
B<11>          |S<4>           |   11.479|
B<11>          |S<5>           |   11.354|
B<11>          |S<6>           |   11.342|
B<11>          |S<7>           |   12.058|
B<11>          |S<8>           |   11.534|
B<11>          |S<9>           |   11.849|
B<11>          |S<10>          |   11.602|
B<11>          |S<11>          |   12.041|
B<11>          |S<12>          |   12.130|
B<11>          |S<13>          |   12.236|
B<11>          |S<14>          |   12.138|
B<11>          |S<15>          |   12.286|
B<11>          |Z              |   14.114|
B<12>          |C              |    8.099|
B<12>          |N              |   12.122|
B<12>          |O              |    9.228|
B<12>          |S<0>           |   11.096|
B<12>          |S<1>           |   11.129|
B<12>          |S<2>           |   10.852|
B<12>          |S<3>           |   11.017|
B<12>          |S<4>           |   11.341|
B<12>          |S<5>           |   11.216|
B<12>          |S<6>           |   11.204|
B<12>          |S<7>           |   11.920|
B<12>          |S<8>           |   11.396|
B<12>          |S<9>           |   11.711|
B<12>          |S<10>          |   11.464|
B<12>          |S<11>          |   11.903|
B<12>          |S<12>          |   11.992|
B<12>          |S<13>          |   12.098|
B<12>          |S<14>          |   12.000|
B<12>          |S<15>          |   12.148|
B<12>          |Z              |   13.976|
B<13>          |C              |    7.875|
B<13>          |N              |   12.013|
B<13>          |O              |    9.008|
B<13>          |S<0>           |   10.987|
B<13>          |S<1>           |   11.020|
B<13>          |S<2>           |   10.743|
B<13>          |S<3>           |   10.908|
B<13>          |S<4>           |   11.232|
B<13>          |S<5>           |   11.107|
B<13>          |S<6>           |   11.095|
B<13>          |S<7>           |   11.811|
B<13>          |S<8>           |   11.287|
B<13>          |S<9>           |   11.602|
B<13>          |S<10>          |   11.355|
B<13>          |S<11>          |   11.794|
B<13>          |S<12>          |   11.883|
B<13>          |S<13>          |   11.989|
B<13>          |S<14>          |   11.891|
B<13>          |S<15>          |   12.039|
B<13>          |Z              |   13.867|
B<14>          |C              |    7.877|
B<14>          |N              |   12.328|
B<14>          |O              |    8.977|
B<14>          |S<0>           |   11.302|
B<14>          |S<1>           |   11.335|
B<14>          |S<2>           |   11.058|
B<14>          |S<3>           |   11.223|
B<14>          |S<4>           |   11.547|
B<14>          |S<5>           |   11.422|
B<14>          |S<6>           |   11.410|
B<14>          |S<7>           |   12.126|
B<14>          |S<8>           |   11.602|
B<14>          |S<9>           |   11.917|
B<14>          |S<10>          |   11.670|
B<14>          |S<11>          |   12.109|
B<14>          |S<12>          |   12.198|
B<14>          |S<13>          |   12.304|
B<14>          |S<14>          |   12.206|
B<14>          |S<15>          |   12.354|
B<14>          |Z              |   14.182|
B<15>          |C              |    7.562|
B<15>          |N              |   12.662|
B<15>          |O              |    8.636|
B<15>          |S<0>           |   11.636|
B<15>          |S<1>           |   11.669|
B<15>          |S<2>           |   11.392|
B<15>          |S<3>           |   11.557|
B<15>          |S<4>           |   11.881|
B<15>          |S<5>           |   11.756|
B<15>          |S<6>           |   11.744|
B<15>          |S<7>           |   12.460|
B<15>          |S<8>           |   11.936|
B<15>          |S<9>           |   12.251|
B<15>          |S<10>          |   12.004|
B<15>          |S<11>          |   12.443|
B<15>          |S<12>          |   12.532|
B<15>          |S<13>          |   12.638|
B<15>          |S<14>          |   12.540|
B<15>          |S<15>          |   12.688|
B<15>          |Z              |   14.516|
Ctr_Alu<0>     |N              |    8.856|
Ctr_Alu<0>     |O              |    7.435|
Ctr_Alu<0>     |S<0>           |    8.479|
Ctr_Alu<0>     |S<1>           |    8.572|
Ctr_Alu<0>     |S<2>           |    8.354|
Ctr_Alu<0>     |S<3>           |    8.891|
Ctr_Alu<0>     |S<4>           |    7.917|
Ctr_Alu<0>     |S<5>           |    8.782|
Ctr_Alu<0>     |S<6>           |    8.959|
Ctr_Alu<0>     |S<7>           |    9.308|
Ctr_Alu<0>     |S<8>           |    8.934|
Ctr_Alu<0>     |S<9>           |    9.294|
Ctr_Alu<0>     |S<10>          |    9.154|
Ctr_Alu<0>     |S<11>          |    9.011|
Ctr_Alu<0>     |S<12>          |    9.126|
Ctr_Alu<0>     |S<13>          |    9.637|
Ctr_Alu<0>     |S<14>          |    9.498|
Ctr_Alu<0>     |S<15>          |    8.882|
Ctr_Alu<0>     |Z              |   11.564|
Ctr_Alu<1>     |N              |    8.799|
Ctr_Alu<1>     |O              |    6.773|
Ctr_Alu<1>     |S<0>           |    8.188|
Ctr_Alu<1>     |S<1>           |    8.346|
Ctr_Alu<1>     |S<2>           |    8.154|
Ctr_Alu<1>     |S<3>           |    8.749|
Ctr_Alu<1>     |S<4>           |    7.771|
Ctr_Alu<1>     |S<5>           |    8.333|
Ctr_Alu<1>     |S<6>           |    8.902|
Ctr_Alu<1>     |S<7>           |    9.217|
Ctr_Alu<1>     |S<8>           |    8.877|
Ctr_Alu<1>     |S<9>           |    8.913|
Ctr_Alu<1>     |S<10>          |    8.862|
Ctr_Alu<1>     |S<11>          |    8.553|
Ctr_Alu<1>     |S<12>          |    9.069|
Ctr_Alu<1>     |S<13>          |    9.580|
Ctr_Alu<1>     |S<14>          |    9.159|
Ctr_Alu<1>     |S<15>          |    8.825|
Ctr_Alu<1>     |Z              |   11.507|
Ctr_Alu<2>     |N              |    8.536|
Ctr_Alu<2>     |O              |    7.115|
Ctr_Alu<2>     |S<0>           |    8.159|
Ctr_Alu<2>     |S<1>           |    8.252|
Ctr_Alu<2>     |S<2>           |    8.034|
Ctr_Alu<2>     |S<3>           |    8.571|
Ctr_Alu<2>     |S<4>           |    7.597|
Ctr_Alu<2>     |S<5>           |    8.462|
Ctr_Alu<2>     |S<6>           |    8.639|
Ctr_Alu<2>     |S<7>           |    8.988|
Ctr_Alu<2>     |S<8>           |    8.614|
Ctr_Alu<2>     |S<9>           |    8.974|
Ctr_Alu<2>     |S<10>          |    8.834|
Ctr_Alu<2>     |S<11>          |    8.691|
Ctr_Alu<2>     |S<12>          |    8.806|
Ctr_Alu<2>     |S<13>          |    9.317|
Ctr_Alu<2>     |S<14>          |    9.178|
Ctr_Alu<2>     |S<15>          |    8.562|
Ctr_Alu<2>     |Z              |   11.244|
Ctr_Alu<3>     |N              |    8.747|
Ctr_Alu<3>     |O              |    7.326|
Ctr_Alu<3>     |S<0>           |    8.370|
Ctr_Alu<3>     |S<1>           |    8.463|
Ctr_Alu<3>     |S<2>           |    8.245|
Ctr_Alu<3>     |S<3>           |    8.782|
Ctr_Alu<3>     |S<4>           |    7.808|
Ctr_Alu<3>     |S<5>           |    8.673|
Ctr_Alu<3>     |S<6>           |    8.850|
Ctr_Alu<3>     |S<7>           |    9.199|
Ctr_Alu<3>     |S<8>           |    8.825|
Ctr_Alu<3>     |S<9>           |    9.185|
Ctr_Alu<3>     |S<10>          |    9.045|
Ctr_Alu<3>     |S<11>          |    8.902|
Ctr_Alu<3>     |S<12>          |    9.017|
Ctr_Alu<3>     |S<13>          |    9.528|
Ctr_Alu<3>     |S<14>          |    9.389|
Ctr_Alu<3>     |S<15>          |    8.773|
Ctr_Alu<3>     |Z              |   11.455|
---------------+---------------+---------+


Analysis completed Tue May 14 09:14:42 2019 
--------------------------------------------------------------------------------

Trace Settings:
-------------------------
Trace Settings 

Peak Memory Usage: 388 MB



